../Core/Src/main.c:86:5:main	8	static
../Core/Src/main.c:150:6:SystemClock_Config	88	static
../Core/Src/main.c:196:13:MX_I2C1_Init	8	static
../Core/Src/main.c:230:13:MX_I2S3_Init	8	static
../Core/Src/main.c:264:13:MX_SPI1_Init	8	static
../Core/Src/main.c:302:13:MX_TIM1_Init	96	static
../Core/Src/main.c:384:13:MX_TIM2_Init	32	static
../Core/Src/main.c:432:13:MX_GPIO_Init	56	static
../Core/Src/main.c:530:6:HAL_TIM_IC_CaptureCallback	16	static
../Core/Src/main.c:570:6:Error_Handler	4	static,ignoring_inline_asm
